// Jest Snapshot v1, https://goo.gl/fbAQLP

exports[`Mock Tests For the Tax brackets and Income after tax If mockWebbApp renders correctly 1`] = `
<div>
  <form
    onSubmit={[Function]}
  >
    <input
      className="addUser"
      data-testid="Fname"
      id="FirstName"
      placeholder="First Name"
      required={true}
    />
    <input
      className="addUser"
      data-testid="Lname"
      id="LastName"
      placeholder="Last Name"
      required={true}
    />
    <input
      className="addUser"
      data-testid="Income"
      id="Salary"
      placeholder="Income"
      required={true}
      type="number"
    />
    <br />
    <br />
    <button
      className="addUser"
      data-testid="addUserBUt"
    >
      Add User
    </button>
  </form>
</div>
`;

exports[`Mock Tests For the Tax brackets and Income after tax renders correctly 1`] = `
<div>
  <form
    onSubmit={[Function]}
  >
    <input
      className="addUser"
      data-testid="Fname"
      id="FirstName"
      placeholder="First Name"
      required={true}
    />
    <input
      className="addUser"
      data-testid="Lname"
      id="LastName"
      placeholder="Last Name"
      required={true}
    />
    <input
      className="addUser"
      data-testid="Income"
      id="Salary"
      placeholder="Income"
      required={true}
      type="number"
    />
    <br />
    <br />
    <button
      className="addUser"
      data-testid="addUserBUt"
    >
      Add User
    </button>
  </form>
</div>
`;

exports[`Mock Tests For the Tax brackets and Income after tax tests if inputs and dom update and add 1`] = `
<div>
  <form
    onSubmit={[Function]}
  >
    <input
      className="addUser"
      data-testid="Fname"
      id="FirstName"
      placeholder="First Name"
      required={true}
    />
    <input
      className="addUser"
      data-testid="Lname"
      id="LastName"
      placeholder="Last Name"
      required={true}
    />
    <input
      className="addUser"
      data-testid="Income"
      id="Salary"
      placeholder="Income"
      required={true}
      type="number"
    />
    <br />
    <br />
    <button
      className="addUser"
      data-testid="addUserBUt"
    >
      Add User
    </button>
  </form>
</div>
`;
