// Jest Snapshot v1, https://goo.gl/fbAQLP

exports[`Testing Overview functions excluding savings section If Savings renders correctly 1`] = `
<div
  className="SavSec"
  id="section3"
>
  <div
    className="SavingsCol float"
  >
    <p
      className="float"
    >
      Calculate after tax
    </p>
    <input
      aria-label="CheckBox"
      className="CHECK"
      onClick={[Function]}
      type="checkbox"
    />
    <br />
    <br />
    <h2
      className="SavingHeading"
    >
      Percentage
    </h2>
    <input
      data-testid="PercInput"
      id="PercVal"
      placeholder="%"
      type="numer"
    />
    <button
      data-testid="CalculatePerc"
      onClick={[Function]}
    >
      Calculate
    </button>
  </div>
  <div
    className="SavingsCol float"
  >
    <h2
      className="SavingHeading"
    >
      Potential to save
    </h2>
    <p
      data-testid="TotalToSave"
    >
      R 
      56000
    </p>
    <h2
      className="SavingHeading"
    >
      Total Saved monthly
    </h2>
    <p
      data-testid="Saved"
    >
      R 
      Type in a percentage
    </p>
  </div>
</div>
`;

exports[`Testing Overview functions excluding savings section renders correctly 1`] = `
<div
  className="SavSec"
  id="section3"
>
  <div
    className="SavingsCol float"
  >
    <p
      className="float"
    >
      Calculate after tax
    </p>
    <input
      aria-label="CheckBox"
      className="CHECK"
      onClick={[Function]}
      type="checkbox"
    />
    <br />
    <br />
    <h2
      className="SavingHeading"
    >
      Percentage
    </h2>
    <input
      data-testid="PercInput"
      id="PercVal"
      placeholder="%"
      type="numer"
    />
    <button
      data-testid="CalculatePerc"
      onClick={[Function]}
    >
      Calculate
    </button>
  </div>
  <div
    className="SavingsCol float"
  >
    <h2
      className="SavingHeading"
    >
      Potential to save
    </h2>
    <p
      data-testid="TotalToSave"
    >
      R 
      56000
    </p>
    <h2
      className="SavingHeading"
    >
      Total Saved monthly
    </h2>
    <p
      data-testid="Saved"
    >
      R 
      Type in a percentage
    </p>
  </div>
</div>
`;
